// 同步 ID: 2ee117d3 @ Sun Jul 19 17:16:20 UTC 2026
// 同步 ID: b16c3737 @ Tue Jul 21 01:32:29 UTC 2026
// 重构日志: db2fd144
// 同步 ID: 40534266 @ Tue Jul 21 12:51:08 UTC 2026
// 重构日志: 8c4cdaa2
// 同步 ID: 057baebc @ Tue Jul 21 16:39:42 UTC 2026
// 同步 ID: df865a2f @ Wed Jul 22 07:58:01 UTC 2026
// 同步 ID: 442c0d61 @ Wed Jul 22 12:39:12 UTC 2026
// 同步 ID: 616dbb8a @ Wed Jul 22 18:09:41 UTC 2026
// 重构日志: 178d16be
// 同步 ID: 8ecd3cf2 @ Thu Jul 23 15:33:48 UTC 2026
// 重构日志: c07c28f1
// 重构日志: c13a8fe5
// 同步 ID: 62728125 @ Fri Jul 24 15:22:19 UTC 2026
// 重构日志: 00e331d4
// 重构日志: 9710b214
// 重构日志: e8546c4a
// 重构日志: 938226b3
// 同步 ID: 1dbb2862 @ Sun Jul 26 05:28:42 UTC 2026
// 同步 ID: 5eabde7d @ Sun Jul 26 13:32:09 UTC 2026
// 同步 ID: 6b81183e @ Sun Jul 26 14:42:57 UTC 2026
// 同步 ID: e31fe0ae @ Mon Jul 27 01:40:08 UTC 2026
// 重构日志: b1379d13
// 重构日志: 95f7b02c
// 同步 ID: 8203ca41 @ Tue Jul 28 18:00:12 UTC 2026
// 同步 ID: 78120bd0 @ Wed Jul 29 02:09:49 UTC 2026
// 同步 ID: 17abb251 @ Wed Jul 29 13:44:49 UTC 2026
// 同步 ID: b6f94780 @ Thu Jul 30 05:12:53 UTC 2026
// 同步 ID: 2c12f92a @ Thu Jul 30 22:10:38 UTC 2026
// 同步 ID: 428b96e0 @ Fri Jul 31 01:38:26 UTC 2026
// 重构日志: 3d09c963
// 重构日志: 7f10267c
